ld: build/interrupts.o: in function `handleInterrupt':
interrupts.c:(.text.handleInterrupt+0x5c): undefined reference to `next_keyboard_byte'
ld: build/interrupts.o: in function `setupInterrupts':
interrupts.c:(.text.setupInterrupts+0x1e): undefined reference to `InterruptIgnore'
ld: interrupts.c:(.text.setupInterrupts+0x45): undefined reference to `HandleInterruptRequest0x00'
ld: interrupts.c:(.text.setupInterrupts+0x5a): undefined reference to `HandleInterruptRequest0x01'
ld: interrupts.c:(.text.setupInterrupts+0x6f): undefined reference to `HandleInterruptRequest0x02'
ld: interrupts.c:(.text.setupInterrupts+0x84): undefined reference to `HandleInterruptRequest0x03'
ld: interrupts.c:(.text.setupInterrupts+0x99): undefined reference to `HandleInterruptRequest0x04'
ld: interrupts.c:(.text.setupInterrupts+0xae): undefined reference to `HandleInterruptRequest0x05'
ld: interrupts.c:(.text.setupInterrupts+0xc3): undefined reference to `HandleInterruptRequest0x06'
ld: interrupts.c:(.text.setupInterrupts+0xd8): undefined reference to `HandleInterruptRequest0x07'
ld: interrupts.c:(.text.setupInterrupts+0xed): undefined reference to `HandleInterruptRequest0x08'
ld: interrupts.c:(.text.setupInterrupts+0x102): undefined reference to `HandleInterruptRequest0x09'
ld: interrupts.c:(.text.setupInterrupts+0x117): undefined reference to `HandleInterruptRequest0x0a'
ld: interrupts.c:(.text.setupInterrupts+0x12c): undefined reference to `HandleInterruptRequest0x0b'
ld: interrupts.c:(.text.setupInterrupts+0x141): undefined reference to `HandleInterruptRequest0x0c'
ld: interrupts.c:(.text.setupInterrupts+0x156): undefined reference to `HandleInterruptRequest0x0d'
ld: interrupts.c:(.text.setupInterrupts+0x16b): undefined reference to `HandleInterruptRequest0x0e'
ld: interrupts.c:(.text.setupInterrupts+0x180): undefined reference to `HandleInterruptRequest0x0f'
ld: build/memory.o: in function `mmap_terminal_command':
memory.c:(.text.mmap_terminal_command+0xb): undefined reference to `print_memory_map'
ld: build/memory.o: in function `memory_manager_terminal_command':
memory.c:(.text.memory_manager_terminal_command+0x15): undefined reference to `printMemoryManagerTable'
ld: cannot find build/drives.o: No such file or directory
wc: build/loader.bin: No such file or directory
wc: build/kernel.bin: No such file or directory
